// Jest Snapshot v1, https://goo.gl/fbAQLP

exports[`getPdfMessageBuffer should prefix address with name 1`] = `
"<!DOCTYPE html>
<html lang=\\"en\\">

<head>
    <meta charset=\\"UTF-8\\">
    <meta name=\\"robots\\" content=\\"noindex, follow\\" />
    <style>
        body {
            font-size: 10px;
            line-height: 15px;
        }

        .date {
            margin-left: 60%;
        }

        .recipient {
            margin-top: 1.19cm;
            margin-left: 7cm;
        }

        .subject {
            margin-top: 1cm;
            font-size: 12px;
        }

        .subject strong {
            text-decoration: underline;
        }

        .name {
            font-size: 12px;
            margin-top: 3cm;
            text-align: right;
        }
    </style>
</head>

<body>
    <p class=\\"address\\">
        surname name
        <br />address
    </p>
    <p class=\\"recipient\\">
${'        '}
        <br />
        <br /> Le 14 mai 2018
    </p>
    <div class=\\"message\\">
        <h3 class=\\"subject\\">
            <strong>Objet :</strong> subject
        </h3>
${'        '}
        <p class=\\"name\\">surname name</p>
    </div>
</body>

</html>
"
`;
