// Jest Snapshot v1, https://goo.gl/fbAQLP

exports[`Urgent Actions API Integration Tests GET /api/urgentActions 1`] = `"[{\\"id\\":\\"19e835e9-6527-4591-ac84-51d648207bd1\\",\\"title\\":\\"Commutation of William Montgomery's sentence\\"},{\\"id\\":\\"1e3a9ce6-93ab-4d96-ad2e-f6d7827d6e03\\",\\"title\\":\\"José Napoleón Tarrillo Astonitas' Murder\\"},{\\"id\\":\\"1f34ce5f-6162-4c7d-8608-26223cf2a5c0\\",\\"title\\":\\"Mexico: 48 Asylum Applicants Risk to Be Expulsed\\"}]"`;
